// Jest Snapshot v1, https://goo.gl/fbAQLP

exports[`renders correctly 1`] = `
<View
  style={
    Object {
      "alignItems": "center",
      "justifyContent": "center",
      "marginTop": 22,
      "padding": 10,
    }
  }
>
  <Modal
    animationType="slide"
    hardwareAccelerated={false}
    onRequestClose={[Function]}
    transparent={true}
    visible={false}
  >
    <View
      style={
        Object {
          "alignItems": "center",
          "justifyContent": "center",
          "marginTop": 22,
          "padding": 10,
        }
      }
    >
      <View
        style={
          Object {
            "alignItems": "center",
            "backgroundColor": "white",
            "borderRadius": 20,
            "elevation": 5,
            "margin": 20,
            "padding": 35,
            "shadowColor": "#000",
            "shadowOffset": Object {
              "height": 2,
              "width": 0,
            },
            "shadowOpacity": 0.25,
            "shadowRadius": 3.84,
          }
        }
      >
        <Text
          style={
            Object {
              "fontSize": 20,
              "margin": 10,
              "padding": 10,
              "textAlign": "center",
            }
          }
        >
          Welcome Message Here
        </Text>
        <Text
          style={
            Object {
              "color": "#333333",
              "marginBottom": 5,
              "textAlign": "center",
            }
          }
        >
          Welcome Message Here
        </Text>
        <View
          accessible={true}
          focusable={true}
          onClick={[Function]}
          onResponderGrant={[Function]}
          onResponderMove={[Function]}
          onResponderRelease={[Function]}
          onResponderTerminate={[Function]}
          onResponderTerminationRequest={[Function]}
          onStartShouldSetResponder={[Function]}
          style={
            Object {
              "backgroundColor": "#F194FF",
              "borderRadius": 20,
              "elevation": 2,
              "padding": 10,
            }
          }
        >
          <Text
            style={
              Object {
                "color": "white",
                "fontWeight": "bold",
                "textAlign": "center",
              }
            }
          >
            Hide Modal
          </Text>
        </View>
      </View>
    </View>
  </Modal>
  <View
    accessible={true}
    focusable={true}
    onClick={[Function]}
    onResponderGrant={[Function]}
    onResponderMove={[Function]}
    onResponderRelease={[Function]}
    onResponderTerminate={[Function]}
    onResponderTerminationRequest={[Function]}
    onStartShouldSetResponder={[Function]}
    style={
      Object {
        "backgroundColor": "#F194FF",
        "borderRadius": 20,
        "elevation": 2,
        "padding": 10,
      }
    }
  >
    <Text
      style={
        Object {
          "color": "white",
          "fontWeight": "bold",
          "textAlign": "center",
        }
      }
    >
      Show Modal
    </Text>
  </View>
</View>
`;
